10:44:00 **** Incremental Build of configuration Debug for project 5_CMSIS_Test_Float32 ****
make -j7 all 
arm-none-eabi-gcc -mcpu=cortex-m4 -g3 -DDEBUG -c -x assembler-with-cpp -MMD -MP -MF"Startup/startup_stm32f411retx.d" -MT"Startup/startup_stm32f411retx.o" --specs=nano.specs -mfpu=fpv4-sp-d16 -mfloat-abi=hard -mthumb -o "Startup/startup_stm32f411retx.o" "../Startup/startup_stm32f411retx.s"
arm-none-eabi-gcc "../Src/main.c" -mcpu=cortex-m4 -std=gnu11 -g3 -DDEBUG -DSTM32F411xE -DNUCLEO_F411RE -DSTM32 -DSTM32F4 -DARM_MATH_CM4 -D__FPU_PRESENT -c -I../Inc -I"/Users/michaelalex/Documents/Git/DSPonArmWkSpace/5_CMSIS_Test_Float32/chip_headers/CMSIS/DSP/Include" -I"/Users/michaelalex/Documents/Git/DSPonArmWkSpace/5_CMSIS_Test_Float32/chip_headers/CMSIS/Include" -I"/Users/michaelalex/Documents/Git/DSPonArmWkSpace/5_CMSIS_Test_Float32/chip_headers/CMSIS/Device/ST/STM32F4xx/Include" -O0 -ffunction-sections -fdata-sections -Wall -fstack-usage -fcyclomatic-complexity -MMD -MP -MF"Src/main.d" -MT"Src/main.o" --specs=nano.specs -mfpu=fpv4-sp-d16 -mfloat-abi=hard -mthumb -o "Src/main.o"
arm-none-eabi-gcc "../Src/signals.c" -mcpu=cortex-m4 -std=gnu11 -g3 -DDEBUG -DSTM32F411xE -DNUCLEO_F411RE -DSTM32 -DSTM32F4 -DARM_MATH_CM4 -D__FPU_PRESENT -c -I../Inc -I"/Users/michaelalex/Documents/Git/DSPonArmWkSpace/5_CMSIS_Test_Float32/chip_headers/CMSIS/DSP/Include" -I"/Users/michaelalex/Documents/Git/DSPonArmWkSpace/5_CMSIS_Test_Float32/chip_headers/CMSIS/Include" -I"/Users/michaelalex/Documents/Git/DSPonArmWkSpace/5_CMSIS_Test_Float32/chip_headers/CMSIS/Device/ST/STM32F4xx/Include" -O0 -ffunction-sections -fdata-sections -Wall -fstack-usage -fcyclomatic-complexity -MMD -MP -MF"Src/signals.d" -MT"Src/signals.o" --specs=nano.specs -mfpu=fpv4-sp-d16 -mfloat-abi=hard -mthumb -o "Src/signals.o"
arm-none-eabi-gcc "../Src/syscalls.c" -mcpu=cortex-m4 -std=gnu11 -g3 -DDEBUG -DSTM32F411xE -DNUCLEO_F411RE -DSTM32 -DSTM32F4 -DARM_MATH_CM4 -D__FPU_PRESENT -c -I../Inc -I"/Users/michaelalex/Documents/Git/DSPonArmWkSpace/5_CMSIS_Test_Float32/chip_headers/CMSIS/DSP/Include" -I"/Users/michaelalex/Documents/Git/DSPonArmWkSpace/5_CMSIS_Test_Float32/chip_headers/CMSIS/Include" -I"/Users/michaelalex/Documents/Git/DSPonArmWkSpace/5_CMSIS_Test_Float32/chip_headers/CMSIS/Device/ST/STM32F4xx/Include" -O0 -ffunction-sections -fdata-sections -Wall -fstack-usage -fcyclomatic-complexity -MMD -MP -MF"Src/syscalls.d" -MT"Src/syscalls.o" --specs=nano.specs -mfpu=fpv4-sp-d16 -mfloat-abi=hard -mthumb -o "Src/syscalls.o"
arm-none-eabi-gcc "../Src/sysmem.c" -mcpu=cortex-m4 -std=gnu11 -g3 -DDEBUG -DSTM32F411xE -DNUCLEO_F411RE -DSTM32 -DSTM32F4 -DARM_MATH_CM4 -D__FPU_PRESENT -c -I../Inc -I"/Users/michaelalex/Documents/Git/DSPonArmWkSpace/5_CMSIS_Test_Float32/chip_headers/CMSIS/DSP/Include" -I"/Users/michaelalex/Documents/Git/DSPonArmWkSpace/5_CMSIS_Test_Float32/chip_headers/CMSIS/Include" -I"/Users/michaelalex/Documents/Git/DSPonArmWkSpace/5_CMSIS_Test_Float32/chip_headers/CMSIS/Device/ST/STM32F4xx/Include" -O0 -ffunction-sections -fdata-sections -Wall -fstack-usage -fcyclomatic-complexity -MMD -MP -MF"Src/sysmem.d" -MT"Src/sysmem.o" --specs=nano.specs -mfpu=fpv4-sp-d16 -mfloat-abi=hard -mthumb -o "Src/sysmem.o"
arm-none-eabi-gcc "../Src/uart.c" -mcpu=cortex-m4 -std=gnu11 -g3 -DDEBUG -DSTM32F411xE -DNUCLEO_F411RE -DSTM32 -DSTM32F4 -DARM_MATH_CM4 -D__FPU_PRESENT -c -I../Inc -I"/Users/michaelalex/Documents/Git/DSPonArmWkSpace/5_CMSIS_Test_Float32/chip_headers/CMSIS/DSP/Include" -I"/Users/michaelalex/Documents/Git/DSPonArmWkSpace/5_CMSIS_Test_Float32/chip_headers/CMSIS/Include" -I"/Users/michaelalex/Documents/Git/DSPonArmWkSpace/5_CMSIS_Test_Float32/chip_headers/CMSIS/Device/ST/STM32F4xx/Include" -O0 -ffunction-sections -fdata-sections -Wall -fstack-usage -fcyclomatic-complexity -MMD -MP -MF"Src/uart.d" -MT"Src/uart.o" --specs=nano.specs -mfpu=fpv4-sp-d16 -mfloat-abi=hard -mthumb -o "Src/uart.o"
../Src/main.c:39:13: warning: 'swv_plot_signal' defined but not used [-Wunused-function]
   39 | static void swv_plot_signal(void)
      |             ^~~~~~~~~~~~~~~
arm-none-eabi-gcc -o "5_CMSIS_Test_Float32.elf" @"objects.list"  -larm_cortexM4lf_math -mcpu=cortex-m4 -T"/Users/michaelalex/Documents/Git/DSPonArmWkSpace/5_CMSIS_Test_Float32/STM32F411RETX_FLASH.ld" --specs=nosys.specs -Wl,-Map="5_CMSIS_Test_Float32.map" -Wl,--gc-sections -static -L"/Users/michaelalex/Documents/Git/DSPonArmWkSpace/5_CMSIS_Test_Float32/chip_headers/CMSIS/Lib/GCC" --specs=nano.specs -mfpu=fpv4-sp-d16 -mfloat-abi=hard -mthumb -u _printf_float -u _scanf_float -Wl,--start-group -lc -lm -Wl,--end-group
Finished building target: 5_CMSIS_Test_Float32.elf
 
arm-none-eabi-size  5_CMSIS_Test_Float32.elf 
arm-none-eabi-objdump -h -S 5_CMSIS_Test_Float32.elf  > "5_CMSIS_Test_Float32.list"
   text	   data	    bss	    dec	    hex	filename
  23568	   1736	   1904	  27208	   6a48	5_CMSIS_Test_Float32.elf
Finished building: default.size.stdout
 
Finished building: 5_CMSIS_Test_Float32.list
 

10:44:01 Build Finished. 0 errors, 1 warnings. (took 650ms)

