20:45:19 **** Build of configuration Debug for project 8_SignalStdDev ****
make -j8 all 
arm-none-eabi-gcc "../Src/main.c" -mcpu=cortex-m4 -std=gnu11 -g3 -DDEBUG -DSTM32F411xE -DNUCLEO_F411RE -DSTM32 -DSTM32F4 -DARM_MATH_CM4 -D__FPU_PRESENT -c -I../Inc -I"/home/michael/Documents/Udemy/DSPonARM/DSPonArmWkSpace/8_SignalStdDev/chip_headers/CMSIS/DSP/Include" -I"/home/michael/Documents/Udemy/DSPonARM/DSPonArmWkSpace/8_SignalStdDev/chip_headers/CMSIS/Include" -I"/home/michael/Documents/Udemy/DSPonARM/DSPonArmWkSpace/8_SignalStdDev/chip_headers/CMSIS/Device/ST/STM32F4xx/Include" -O0 -ffunction-sections -fdata-sections -Wall -fstack-usage -fcyclomatic-complexity -MMD -MP -MF"Src/main.d" -MT"Src/main.o" --specs=nano.specs -mfpu=fpv4-sp-d16 -mfloat-abi=hard -mthumb -o "Src/main.o"
arm-none-eabi-gcc "../Src/signals.c" -mcpu=cortex-m4 -std=gnu11 -g3 -DDEBUG -DSTM32F411xE -DNUCLEO_F411RE -DSTM32 -DSTM32F4 -DARM_MATH_CM4 -D__FPU_PRESENT -c -I../Inc -I"/home/michael/Documents/Udemy/DSPonARM/DSPonArmWkSpace/8_SignalStdDev/chip_headers/CMSIS/DSP/Include" -I"/home/michael/Documents/Udemy/DSPonARM/DSPonArmWkSpace/8_SignalStdDev/chip_headers/CMSIS/Include" -I"/home/michael/Documents/Udemy/DSPonARM/DSPonArmWkSpace/8_SignalStdDev/chip_headers/CMSIS/Device/ST/STM32F4xx/Include" -O0 -ffunction-sections -fdata-sections -Wall -fstack-usage -fcyclomatic-complexity -MMD -MP -MF"Src/signals.d" -MT"Src/signals.o" --specs=nano.specs -mfpu=fpv4-sp-d16 -mfloat-abi=hard -mthumb -o "Src/signals.o"
arm-none-eabi-gcc "../Src/syscalls.c" -mcpu=cortex-m4 -std=gnu11 -g3 -DDEBUG -DSTM32F411xE -DNUCLEO_F411RE -DSTM32 -DSTM32F4 -DARM_MATH_CM4 -D__FPU_PRESENT -c -I../Inc -I"/home/michael/Documents/Udemy/DSPonARM/DSPonArmWkSpace/8_SignalStdDev/chip_headers/CMSIS/DSP/Include" -I"/home/michael/Documents/Udemy/DSPonARM/DSPonArmWkSpace/8_SignalStdDev/chip_headers/CMSIS/Include" -I"/home/michael/Documents/Udemy/DSPonARM/DSPonArmWkSpace/8_SignalStdDev/chip_headers/CMSIS/Device/ST/STM32F4xx/Include" -O0 -ffunction-sections -fdata-sections -Wall -fstack-usage -fcyclomatic-complexity -MMD -MP -MF"Src/syscalls.d" -MT"Src/syscalls.o" --specs=nano.specs -mfpu=fpv4-sp-d16 -mfloat-abi=hard -mthumb -o "Src/syscalls.o"
arm-none-eabi-gcc "../Src/sysmem.c" -mcpu=cortex-m4 -std=gnu11 -g3 -DDEBUG -DSTM32F411xE -DNUCLEO_F411RE -DSTM32 -DSTM32F4 -DARM_MATH_CM4 -D__FPU_PRESENT -c -I../Inc -I"/home/michael/Documents/Udemy/DSPonARM/DSPonArmWkSpace/8_SignalStdDev/chip_headers/CMSIS/DSP/Include" -I"/home/michael/Documents/Udemy/DSPonARM/DSPonArmWkSpace/8_SignalStdDev/chip_headers/CMSIS/Include" -I"/home/michael/Documents/Udemy/DSPonARM/DSPonArmWkSpace/8_SignalStdDev/chip_headers/CMSIS/Device/ST/STM32F4xx/Include" -O0 -ffunction-sections -fdata-sections -Wall -fstack-usage -fcyclomatic-complexity -MMD -MP -MF"Src/sysmem.d" -MT"Src/sysmem.o" --specs=nano.specs -mfpu=fpv4-sp-d16 -mfloat-abi=hard -mthumb -o "Src/sysmem.o"
arm-none-eabi-gcc "../Src/uart.c" -mcpu=cortex-m4 -std=gnu11 -g3 -DDEBUG -DSTM32F411xE -DNUCLEO_F411RE -DSTM32 -DSTM32F4 -DARM_MATH_CM4 -D__FPU_PRESENT -c -I../Inc -I"/home/michael/Documents/Udemy/DSPonARM/DSPonArmWkSpace/8_SignalStdDev/chip_headers/CMSIS/DSP/Include" -I"/home/michael/Documents/Udemy/DSPonARM/DSPonArmWkSpace/8_SignalStdDev/chip_headers/CMSIS/Include" -I"/home/michael/Documents/Udemy/DSPonARM/DSPonArmWkSpace/8_SignalStdDev/chip_headers/CMSIS/Device/ST/STM32F4xx/Include" -O0 -ffunction-sections -fdata-sections -Wall -fstack-usage -fcyclomatic-complexity -MMD -MP -MF"Src/uart.d" -MT"Src/uart.o" --specs=nano.specs -mfpu=fpv4-sp-d16 -mfloat-abi=hard -mthumb -o "Src/uart.o"
../Src/main.c:87:13: warning: 'swv_plot_signal' defined but not used [-Wunused-function]
   87 | static void swv_plot_signal(void)
      |             ^~~~~~~~~~~~~~~
arm-none-eabi-gcc -o "8_SignalStdDev.elf" @"objects.list"  -larm_cortexM4lf_math -mcpu=cortex-m4 -T"/home/michael/Documents/Udemy/DSPonARM/DSPonArmWkSpace/8_SignalStdDev/STM32F411RETX_FLASH.ld" --specs=nosys.specs -Wl,-Map="8_SignalStdDev.map" -Wl,--gc-sections -static -L"/home/michael/Documents/Udemy/DSPonARM/DSPonArmWkSpace/8_SignalStdDev/chip_headers/CMSIS/Lib/GCC" --specs=nano.specs -mfpu=fpv4-sp-d16 -mfloat-abi=hard -mthumb -u _printf_float -u _scanf_float -Wl,--start-group -lc -lm -Wl,--end-group
Finished building target: 8_SignalStdDev.elf
 
arm-none-eabi-size  8_SignalStdDev.elf 
arm-none-eabi-objdump -h -S 8_SignalStdDev.elf  > "8_SignalStdDev.list"
   text	   data	    bss	    dec	    hex	filename
  26436	   1752	   1912	  30100	   7594	8_SignalStdDev.elf
Finished building: default.size.stdout
 
Finished building: 8_SignalStdDev.list
 

20:45:21 Build Finished. 0 errors, 1 warnings. (took 1s.538ms)

